{
  "type": "struct",
  "fields": [
    {
      "name": "name",
      "type": "string",
      "nullable": true,
      "metadata": {}
    }
  ]
}
